// Jest Snapshot v1, https://goo.gl/fbAQLP

exports[`Testing GifExpertApp Component should create component 1`] = `
<Fragment>
  <h2>
    GifExpertApp
  </h2>
  <hr />
  <AddCategory
    setCategories={[Function]}
  />
  <ol>
    <GifGrid
      category="One Punch"
      key="One Punch"
    />
  </ol>
</Fragment>
`;
